// Vitest Snapshot v1, https://vitest.dev/guide/snapshot.html

exports[`Counter > Counter should load properly with given params - snapshot 1`] = `
<div>
  <button
    class="btn btn-primary btn-sm"
    type="button"
  >
    -
  </button>
  <p
    class="card-text"
  >
     
    100
     
  </p>
  <button
    class="btn btn-primary btn-sm"
    type="button"
  >
    +
  </button>
</div>
`;
