// Vitest Snapshot v1, https://vitest.dev/guide/snapshot.html

exports[`Login Page > Login Page should load properly - snapshot 1`] = `
<div>
  <div
    style="min-height: 93vh; display: flex; padding: 10px 0px;"
  >
    <div
      class="container"
    >
      <div
        class="row"
      >
        <div
          class="w-100"
        >
          <h1>
            LOGIN
          </h1>
          <div
            style="display: flex; flex-direction: column; margin: 20px;"
          >
            <form
              class=""
            >
              <div
                class="mb-3"
              >
                <label
                  class="form-label"
                  for="formBasicEmail"
                >
                  Email Address
                </label>
                <input
                  class="form-control"
                  id="formBasicEmail"
                  placeholder="Enter Your Email Address"
                  type="email"
                  value=""
                />
              </div>
              <div
                class="mb-3"
              >
                <label
                  class="form-label"
                  for="formBasicPassword"
                >
                  Password
                </label>
                <input
                  class="form-control"
                  id="formBasicPassword"
                  placeholder="Enter Your Password"
                  type="password"
                  value=""
                />
              </div>
              <button
                class="btn btn-primary"
                type="submit"
              >
                Submit
              </button>
            </form>
            <div
              class="py-3 row"
            >
              <div
                class="col"
              >
                New User ? 
                <a
                  href="/register"
                >
                  Register Here
                </a>
              </div>
            </div>
          </div>
        </div>
      </div>
    </div>
  </div>
</div>
`;
